Analysis & Synthesis report for antfarm
Wed Oct 30 13:56:10 2019
Quartus II 64-Bit Version 13.0.1 Build 232 06/12/2013 Service Pack 1 SJ Web Edition


---------------------
; Table of Contents ;
---------------------
  1. Legal Notice
  2. Analysis & Synthesis Summary
  3. Analysis & Synthesis Settings
  4. Parallel Compilation
  5. Analysis & Synthesis Source Files Read
  6. Analysis & Synthesis Resource Usage Summary
  7. Analysis & Synthesis Resource Utilization by Entity
  8. User-Specified and Inferred Latches
  9. General Register Statistics
 10. Multiplexer Restructuring Statistics (Restructuring Performed)
 11. Parameter Settings for User Entity Instance: MovePopRegister:inst2
 12. Elapsed Time Per Partition
 13. Analysis & Synthesis Messages
 14. Analysis & Synthesis Suppressed Messages



----------------
; Legal Notice ;
----------------
Copyright (C) 1991-2013 Altera Corporation
Your use of Altera Corporation's design tools, logic functions 
and other software and tools, and its AMPP partner logic 
functions, and any output files from any of the foregoing 
(including device programming or simulation files), and any 
associated documentation or information are expressly subject 
to the terms and conditions of the Altera Program License 
Subscription Agreement, Altera MegaCore Function License 
Agreement, or other applicable license agreement, including, 
without limitation, that your use is for the sole purpose of 
programming logic devices manufactured by Altera and sold by 
Altera or its authorized distributors.  Please refer to the 
applicable agreement for further details.



+--------------------------------------------------------------------------------------+
; Analysis & Synthesis Summary                                                         ;
+------------------------------------+-------------------------------------------------+
; Analysis & Synthesis Status        ; Successful - Wed Oct 30 13:56:10 2019           ;
; Quartus II 64-Bit Version          ; 13.0.1 Build 232 06/12/2013 SP 1 SJ Web Edition ;
; Revision Name                      ; antfarm                                         ;
; Top-level Entity Name              ; antfarm                                         ;
; Family                             ; Cyclone II                                      ;
; Total logic elements               ; 400                                             ;
;     Total combinational functions  ; 400                                             ;
;     Dedicated logic registers      ; 0                                               ;
; Total registers                    ; 0                                               ;
; Total pins                         ; 14                                              ;
; Total virtual pins                 ; 0                                               ;
; Total memory bits                  ; 0                                               ;
; Embedded Multiplier 9-bit elements ; 0                                               ;
; Total PLLs                         ; 0                                               ;
+------------------------------------+-------------------------------------------------+


+----------------------------------------------------------------------------------------------------------------------+
; Analysis & Synthesis Settings                                                                                        ;
+----------------------------------------------------------------------------+--------------------+--------------------+
; Option                                                                     ; Setting            ; Default Value      ;
+----------------------------------------------------------------------------+--------------------+--------------------+
; Device                                                                     ; EP2C20F484C7       ;                    ;
; Top-level entity name                                                      ; antfarm            ; antfarm            ;
; Family name                                                                ; Cyclone II         ; Cyclone IV GX      ;
; Use smart compilation                                                      ; Off                ; Off                ;
; Enable parallel Assembler and TimeQuest Timing Analyzer during compilation ; On                 ; On                 ;
; Enable compact report table                                                ; Off                ; Off                ;
; Restructure Multiplexers                                                   ; Auto               ; Auto               ;
; Create Debugging Nodes for IP Cores                                        ; Off                ; Off                ;
; Preserve fewer node names                                                  ; On                 ; On                 ;
; Disable OpenCore Plus hardware evaluation                                  ; Off                ; Off                ;
; Verilog Version                                                            ; Verilog_2001       ; Verilog_2001       ;
; VHDL Version                                                               ; VHDL_1993          ; VHDL_1993          ;
; State Machine Processing                                                   ; Auto               ; Auto               ;
; Safe State Machine                                                         ; Off                ; Off                ;
; Extract Verilog State Machines                                             ; On                 ; On                 ;
; Extract VHDL State Machines                                                ; On                 ; On                 ;
; Ignore Verilog initial constructs                                          ; Off                ; Off                ;
; Iteration limit for constant Verilog loops                                 ; 5000               ; 5000               ;
; Iteration limit for non-constant Verilog loops                             ; 250                ; 250                ;
; Add Pass-Through Logic to Inferred RAMs                                    ; On                 ; On                 ;
; Infer RAMs from Raw Logic                                                  ; On                 ; On                 ;
; Parallel Synthesis                                                         ; On                 ; On                 ;
; DSP Block Balancing                                                        ; Auto               ; Auto               ;
; NOT Gate Push-Back                                                         ; On                 ; On                 ;
; Power-Up Don't Care                                                        ; On                 ; On                 ;
; Remove Redundant Logic Cells                                               ; Off                ; Off                ;
; Remove Duplicate Registers                                                 ; On                 ; On                 ;
; Ignore CARRY Buffers                                                       ; Off                ; Off                ;
; Ignore CASCADE Buffers                                                     ; Off                ; Off                ;
; Ignore GLOBAL Buffers                                                      ; Off                ; Off                ;
; Ignore ROW GLOBAL Buffers                                                  ; Off                ; Off                ;
; Ignore LCELL Buffers                                                       ; Off                ; Off                ;
; Ignore SOFT Buffers                                                        ; On                 ; On                 ;
; Limit AHDL Integers to 32 Bits                                             ; Off                ; Off                ;
; Optimization Technique                                                     ; Balanced           ; Balanced           ;
; Carry Chain Length                                                         ; 70                 ; 70                 ;
; Auto Carry Chains                                                          ; On                 ; On                 ;
; Auto Open-Drain Pins                                                       ; On                 ; On                 ;
; Perform WYSIWYG Primitive Resynthesis                                      ; Off                ; Off                ;
; Auto ROM Replacement                                                       ; On                 ; On                 ;
; Auto RAM Replacement                                                       ; On                 ; On                 ;
; Auto Shift Register Replacement                                            ; Auto               ; Auto               ;
; Allow Shift Register Merging across Hierarchies                            ; Auto               ; Auto               ;
; Auto Clock Enable Replacement                                              ; On                 ; On                 ;
; Strict RAM Replacement                                                     ; Off                ; Off                ;
; Allow Synchronous Control Signals                                          ; On                 ; On                 ;
; Force Use of Synchronous Clear Signals                                     ; Off                ; Off                ;
; Auto RAM to Logic Cell Conversion                                          ; Off                ; Off                ;
; Auto Resource Sharing                                                      ; Off                ; Off                ;
; Allow Any RAM Size For Recognition                                         ; Off                ; Off                ;
; Allow Any ROM Size For Recognition                                         ; Off                ; Off                ;
; Allow Any Shift Register Size For Recognition                              ; Off                ; Off                ;
; Use LogicLock Constraints during Resource Balancing                        ; On                 ; On                 ;
; Ignore translate_off and synthesis_off directives                          ; Off                ; Off                ;
; Timing-Driven Synthesis                                                    ; Off                ; Off                ;
; Report Parameter Settings                                                  ; On                 ; On                 ;
; Report Source Assignments                                                  ; On                 ; On                 ;
; Report Connectivity Checks                                                 ; On                 ; On                 ;
; Ignore Maximum Fan-Out Assignments                                         ; Off                ; Off                ;
; Synchronization Register Chain Length                                      ; 2                  ; 2                  ;
; PowerPlay Power Optimization                                               ; Normal compilation ; Normal compilation ;
; HDL message level                                                          ; Level2             ; Level2             ;
; Suppress Register Optimization Related Messages                            ; Off                ; Off                ;
; Number of Removed Registers Reported in Synthesis Report                   ; 5000               ; 5000               ;
; Number of Swept Nodes Reported in Synthesis Report                         ; 5000               ; 5000               ;
; Number of Inverted Registers Reported in Synthesis Report                  ; 100                ; 100                ;
; Clock MUX Protection                                                       ; On                 ; On                 ;
; Auto Gated Clock Conversion                                                ; Off                ; Off                ;
; Block Design Naming                                                        ; Auto               ; Auto               ;
; SDC constraint protection                                                  ; Off                ; Off                ;
; Synthesis Effort                                                           ; Auto               ; Auto               ;
; Shift Register Replacement - Allow Asynchronous Clear Signal               ; On                 ; On                 ;
; Pre-Mapping Resynthesis Optimization                                       ; Off                ; Off                ;
; Analysis & Synthesis Message Level                                         ; Medium             ; Medium             ;
; Disable Register Merging Across Hierarchies                                ; Auto               ; Auto               ;
; Resource Aware Inference For Block RAM                                     ; On                 ; On                 ;
; Synthesis Seed                                                             ; 1                  ; 1                  ;
+----------------------------------------------------------------------------+--------------------+--------------------+


Parallel compilation was disabled, but you have multiple processors available. Enable parallel compilation to reduce compilation time.
+-------------------------------------+
; Parallel Compilation                ;
+----------------------------+--------+
; Processors                 ; Number ;
+----------------------------+--------+
; Number detected on machine ; 12     ;
; Maximum allowed            ; 1      ;
+----------------------------+--------+


+------------------------------------------------------------------------------------------------------------------------------------------------------------------+
; Analysis & Synthesis Source Files Read                                                                                                                           ;
+----------------------------------+-----------------+------------------------------------+--------------------------------------------------------------+---------+
; File Name with User-Entered Path ; Used in Netlist ; File Type                          ; File Name with Absolute Path                                 ; Library ;
+----------------------------------+-----------------+------------------------------------+--------------------------------------------------------------+---------+
; antfarm.bdf                      ; yes             ; User Block Diagram/Schematic File  ; C:/altera/13.0sp1/quartus/projects/antfarm/antfarm.bdf       ;         ;
; MovePopRegister.v                ; yes             ; User Verilog HDL File              ; C:/altera/13.0sp1/quartus/projects/antfarm/MovePopRegister.v ;         ;
; display.v                        ; yes             ; User Verilog HDL File              ; C:/altera/13.0sp1/quartus/projects/antfarm/display.v         ;         ;
; testController.v                 ; yes             ; User Verilog HDL File              ; C:/altera/13.0sp1/quartus/projects/antfarm/testController.v  ;         ;
+----------------------------------+-----------------+------------------------------------+--------------------------------------------------------------+---------+


+-----------------------------------------------------+
; Analysis & Synthesis Resource Usage Summary         ;
+---------------------------------------------+-------+
; Resource                                    ; Usage ;
+---------------------------------------------+-------+
; Estimated Total logic elements              ; 400   ;
;                                             ;       ;
; Total combinational functions               ; 400   ;
; Logic element usage by number of LUT inputs ;       ;
;     -- 4 input functions                    ; 189   ;
;     -- 3 input functions                    ; 208   ;
;     -- <=2 input functions                  ; 3     ;
;                                             ;       ;
; Logic elements by mode                      ;       ;
;     -- normal mode                          ; 400   ;
;     -- arithmetic mode                      ; 0     ;
;                                             ;       ;
; Total registers                             ; 0     ;
;     -- Dedicated logic registers            ; 0     ;
;     -- I/O registers                        ; 0     ;
;                                             ;       ;
; I/O pins                                    ; 14    ;
; Embedded Multiplier 9-bit elements          ; 0     ;
; Maximum fan-out node                        ; pop   ;
; Maximum fan-out                             ; 191   ;
; Total fan-out                               ; 1393  ;
; Average fan-out                             ; 3.36  ;
+---------------------------------------------+-------+


+----------------------------------------------------------------------------------------------------------------------------------------------------------------------------------------+
; Analysis & Synthesis Resource Utilization by Entity                                                                                                                                    ;
+----------------------------+-------------------+--------------+-------------+--------------+---------+-----------+------+--------------+--------------------------------+--------------+
; Compilation Hierarchy Node ; LC Combinationals ; LC Registers ; Memory Bits ; DSP Elements ; DSP 9x9 ; DSP 18x18 ; Pins ; Virtual Pins ; Full Hierarchy Name            ; Library Name ;
+----------------------------+-------------------+--------------+-------------+--------------+---------+-----------+------+--------------+--------------------------------+--------------+
; |antfarm                   ; 400 (1)           ; 0 (0)        ; 0           ; 0            ; 0       ; 0         ; 14   ; 0            ; |antfarm                       ; work         ;
;    |MovePopRegister:inst2| ; 382 (382)         ; 0 (0)        ; 0           ; 0            ; 0       ; 0         ; 0    ; 0            ; |antfarm|MovePopRegister:inst2 ; work         ;
;    |display:inst3|         ; 7 (7)             ; 0 (0)        ; 0           ; 0            ; 0       ; 0         ; 0    ; 0            ; |antfarm|display:inst3         ; work         ;
;    |testController:inst12| ; 10 (10)           ; 0 (0)        ; 0           ; 0            ; 0       ; 0         ; 0    ; 0            ; |antfarm|testController:inst12 ; work         ;
+----------------------------+-------------------+--------------+-------------+--------------+---------+-----------+------+--------------+--------------------------------+--------------+
Note: For table entries with two numbers listed, the numbers in parentheses indicate the number of resources of the given type used by the specific entity alone. The numbers listed outside of parentheses indicate the total resources of the given type used by the specific entity and all of its sub-entities in the hierarchy.


+------------------------------------------------------------------------------------------------------------+
; User-Specified and Inferred Latches                                                                        ;
+------------------------------------------------------+----------------------------+------------------------+
; Latch Name                                           ; Latch Enable Signal        ; Free of Timing Hazards ;
+------------------------------------------------------+----------------------------+------------------------+
; testController:inst12|out[1]                         ; testController:inst12|Mux3 ; yes                    ;
; testController:inst12|out[0]                         ; testController:inst12|Mux3 ; yes                    ;
; testController:inst12|out[2]                         ; testController:inst12|Mux3 ; yes                    ;
; MovePopRegister:inst2|LeftOut[1]                     ; inst8                      ; yes                    ;
; MovePopRegister:inst2|LeftOut[0]                     ; inst8                      ; yes                    ;
; MovePopRegister:inst2|LeftOut[2]                     ; inst8                      ; yes                    ;
; MovePopRegister:inst2|store[1]                       ; MovePopRegister:inst2|Mux1 ; yes                    ;
; MovePopRegister:inst2|store[0]                       ; MovePopRegister:inst2|Mux1 ; yes                    ;
; MovePopRegister:inst2|store[2]                       ; MovePopRegister:inst2|Mux1 ; yes                    ;
; MovePopRegister:inst2|tempStore[1]                   ; MovePopRegister:inst2|Mux1 ; yes                    ;
; testController:inst12|leftOut[1]                     ; testController:inst12|Mux3 ; yes                    ;
; MovePopRegister:inst2|tempStore[0]                   ; MovePopRegister:inst2|Mux1 ; yes                    ;
; testController:inst12|leftOut[0]                     ; testController:inst12|Mux3 ; yes                    ;
; MovePopRegister:inst2|tempStore[2]                   ; MovePopRegister:inst2|Mux1 ; yes                    ;
; testController:inst12|leftOut[2]                     ; testController:inst12|Mux3 ; yes                    ;
; MovePopRegister:inst2|store[4]                       ; MovePopRegister:inst2|Mux1 ; yes                    ;
; MovePopRegister:inst2|store[3]                       ; MovePopRegister:inst2|Mux1 ; yes                    ;
; MovePopRegister:inst2|store[5]                       ; MovePopRegister:inst2|Mux1 ; yes                    ;
; MovePopRegister:inst2|tempStore[4]                   ; MovePopRegister:inst2|Mux1 ; yes                    ;
; MovePopRegister:inst2|tempStore[3]                   ; MovePopRegister:inst2|Mux1 ; yes                    ;
; MovePopRegister:inst2|tempStore[5]                   ; MovePopRegister:inst2|Mux1 ; yes                    ;
; MovePopRegister:inst2|store[7]                       ; MovePopRegister:inst2|Mux1 ; yes                    ;
; MovePopRegister:inst2|store[6]                       ; MovePopRegister:inst2|Mux1 ; yes                    ;
; MovePopRegister:inst2|store[8]                       ; MovePopRegister:inst2|Mux1 ; yes                    ;
; MovePopRegister:inst2|tempStore[7]                   ; MovePopRegister:inst2|Mux1 ; yes                    ;
; MovePopRegister:inst2|tempStore[6]                   ; MovePopRegister:inst2|Mux1 ; yes                    ;
; MovePopRegister:inst2|tempStore[8]                   ; MovePopRegister:inst2|Mux1 ; yes                    ;
; MovePopRegister:inst2|store[10]                      ; MovePopRegister:inst2|Mux1 ; yes                    ;
; MovePopRegister:inst2|store[9]                       ; MovePopRegister:inst2|Mux1 ; yes                    ;
; MovePopRegister:inst2|store[11]                      ; MovePopRegister:inst2|Mux1 ; yes                    ;
; MovePopRegister:inst2|tempStore[10]                  ; MovePopRegister:inst2|Mux1 ; yes                    ;
; MovePopRegister:inst2|tempStore[9]                   ; MovePopRegister:inst2|Mux1 ; yes                    ;
; MovePopRegister:inst2|tempStore[11]                  ; MovePopRegister:inst2|Mux1 ; yes                    ;
; MovePopRegister:inst2|store[13]                      ; MovePopRegister:inst2|Mux1 ; yes                    ;
; MovePopRegister:inst2|store[12]                      ; MovePopRegister:inst2|Mux1 ; yes                    ;
; MovePopRegister:inst2|store[14]                      ; MovePopRegister:inst2|Mux1 ; yes                    ;
; MovePopRegister:inst2|tempStore[13]                  ; MovePopRegister:inst2|Mux1 ; yes                    ;
; MovePopRegister:inst2|tempStore[12]                  ; MovePopRegister:inst2|Mux1 ; yes                    ;
; MovePopRegister:inst2|tempStore[14]                  ; MovePopRegister:inst2|Mux1 ; yes                    ;
; MovePopRegister:inst2|store[16]                      ; MovePopRegister:inst2|Mux1 ; yes                    ;
; MovePopRegister:inst2|store[15]                      ; MovePopRegister:inst2|Mux1 ; yes                    ;
; MovePopRegister:inst2|store[17]                      ; MovePopRegister:inst2|Mux1 ; yes                    ;
; MovePopRegister:inst2|tempStore[16]                  ; MovePopRegister:inst2|Mux1 ; yes                    ;
; MovePopRegister:inst2|tempStore[15]                  ; MovePopRegister:inst2|Mux1 ; yes                    ;
; MovePopRegister:inst2|tempStore[17]                  ; MovePopRegister:inst2|Mux1 ; yes                    ;
; MovePopRegister:inst2|store[19]                      ; MovePopRegister:inst2|Mux1 ; yes                    ;
; MovePopRegister:inst2|store[18]                      ; MovePopRegister:inst2|Mux1 ; yes                    ;
; MovePopRegister:inst2|store[20]                      ; MovePopRegister:inst2|Mux1 ; yes                    ;
; MovePopRegister:inst2|tempStore[19]                  ; MovePopRegister:inst2|Mux1 ; yes                    ;
; MovePopRegister:inst2|tempStore[18]                  ; MovePopRegister:inst2|Mux1 ; yes                    ;
; MovePopRegister:inst2|tempStore[20]                  ; MovePopRegister:inst2|Mux1 ; yes                    ;
; MovePopRegister:inst2|store[22]                      ; MovePopRegister:inst2|Mux1 ; yes                    ;
; MovePopRegister:inst2|store[21]                      ; MovePopRegister:inst2|Mux1 ; yes                    ;
; MovePopRegister:inst2|store[23]                      ; MovePopRegister:inst2|Mux1 ; yes                    ;
; MovePopRegister:inst2|tempStore[22]                  ; MovePopRegister:inst2|Mux1 ; yes                    ;
; MovePopRegister:inst2|tempStore[21]                  ; MovePopRegister:inst2|Mux1 ; yes                    ;
; MovePopRegister:inst2|tempStore[23]                  ; MovePopRegister:inst2|Mux1 ; yes                    ;
; MovePopRegister:inst2|store[25]                      ; MovePopRegister:inst2|Mux1 ; yes                    ;
; MovePopRegister:inst2|store[24]                      ; MovePopRegister:inst2|Mux1 ; yes                    ;
; MovePopRegister:inst2|store[26]                      ; MovePopRegister:inst2|Mux1 ; yes                    ;
; MovePopRegister:inst2|tempStore[25]                  ; MovePopRegister:inst2|Mux1 ; yes                    ;
; MovePopRegister:inst2|tempStore[24]                  ; MovePopRegister:inst2|Mux1 ; yes                    ;
; MovePopRegister:inst2|tempStore[26]                  ; MovePopRegister:inst2|Mux1 ; yes                    ;
; MovePopRegister:inst2|store[28]                      ; MovePopRegister:inst2|Mux1 ; yes                    ;
; MovePopRegister:inst2|store[27]                      ; MovePopRegister:inst2|Mux1 ; yes                    ;
; MovePopRegister:inst2|store[29]                      ; MovePopRegister:inst2|Mux1 ; yes                    ;
; MovePopRegister:inst2|tempStore[28]                  ; MovePopRegister:inst2|Mux1 ; yes                    ;
; MovePopRegister:inst2|tempStore[27]                  ; MovePopRegister:inst2|Mux1 ; yes                    ;
; MovePopRegister:inst2|tempStore[29]                  ; MovePopRegister:inst2|Mux1 ; yes                    ;
; MovePopRegister:inst2|store[31]                      ; MovePopRegister:inst2|Mux1 ; yes                    ;
; MovePopRegister:inst2|store[30]                      ; MovePopRegister:inst2|Mux1 ; yes                    ;
; MovePopRegister:inst2|store[32]                      ; MovePopRegister:inst2|Mux1 ; yes                    ;
; MovePopRegister:inst2|tempStore[31]                  ; MovePopRegister:inst2|Mux1 ; yes                    ;
; MovePopRegister:inst2|tempStore[30]                  ; MovePopRegister:inst2|Mux1 ; yes                    ;
; MovePopRegister:inst2|tempStore[32]                  ; MovePopRegister:inst2|Mux1 ; yes                    ;
; MovePopRegister:inst2|store[34]                      ; MovePopRegister:inst2|Mux1 ; yes                    ;
; MovePopRegister:inst2|store[33]                      ; MovePopRegister:inst2|Mux1 ; yes                    ;
; MovePopRegister:inst2|store[35]                      ; MovePopRegister:inst2|Mux1 ; yes                    ;
; MovePopRegister:inst2|tempStore[34]                  ; MovePopRegister:inst2|Mux1 ; yes                    ;
; MovePopRegister:inst2|tempStore[33]                  ; MovePopRegister:inst2|Mux1 ; yes                    ;
; MovePopRegister:inst2|tempStore[35]                  ; MovePopRegister:inst2|Mux1 ; yes                    ;
; MovePopRegister:inst2|store[37]                      ; MovePopRegister:inst2|Mux1 ; yes                    ;
; MovePopRegister:inst2|store[36]                      ; MovePopRegister:inst2|Mux1 ; yes                    ;
; MovePopRegister:inst2|store[38]                      ; MovePopRegister:inst2|Mux1 ; yes                    ;
; MovePopRegister:inst2|tempStore[37]                  ; MovePopRegister:inst2|Mux1 ; yes                    ;
; MovePopRegister:inst2|tempStore[36]                  ; MovePopRegister:inst2|Mux1 ; yes                    ;
; MovePopRegister:inst2|tempStore[38]                  ; MovePopRegister:inst2|Mux1 ; yes                    ;
; MovePopRegister:inst2|store[40]                      ; MovePopRegister:inst2|Mux1 ; yes                    ;
; MovePopRegister:inst2|store[39]                      ; MovePopRegister:inst2|Mux1 ; yes                    ;
; MovePopRegister:inst2|store[41]                      ; MovePopRegister:inst2|Mux1 ; yes                    ;
; MovePopRegister:inst2|tempStore[40]                  ; MovePopRegister:inst2|Mux1 ; yes                    ;
; MovePopRegister:inst2|tempStore[39]                  ; MovePopRegister:inst2|Mux1 ; yes                    ;
; MovePopRegister:inst2|tempStore[41]                  ; MovePopRegister:inst2|Mux1 ; yes                    ;
; MovePopRegister:inst2|store[43]                      ; MovePopRegister:inst2|Mux1 ; yes                    ;
; MovePopRegister:inst2|store[42]                      ; MovePopRegister:inst2|Mux1 ; yes                    ;
; MovePopRegister:inst2|store[44]                      ; MovePopRegister:inst2|Mux1 ; yes                    ;
; MovePopRegister:inst2|tempStore[43]                  ; MovePopRegister:inst2|Mux1 ; yes                    ;
; MovePopRegister:inst2|tempStore[42]                  ; MovePopRegister:inst2|Mux1 ; yes                    ;
; MovePopRegister:inst2|tempStore[44]                  ; MovePopRegister:inst2|Mux1 ; yes                    ;
; MovePopRegister:inst2|store[46]                      ; MovePopRegister:inst2|Mux1 ; yes                    ;
; Number of user-specified and inferred latches = 198  ;                            ;                        ;
+------------------------------------------------------+----------------------------+------------------------+
Table restricted to first 100 entries. Note: All latches listed above may not be present at the end of synthesis due to various synthesis optimizations.


+------------------------------------------------------+
; General Register Statistics                          ;
+----------------------------------------------+-------+
; Statistic                                    ; Value ;
+----------------------------------------------+-------+
; Total registers                              ; 0     ;
; Number of registers using Synchronous Clear  ; 0     ;
; Number of registers using Synchronous Load   ; 0     ;
; Number of registers using Asynchronous Clear ; 0     ;
; Number of registers using Asynchronous Load  ; 0     ;
; Number of registers using Clock Enable       ; 0     ;
; Number of registers using Preset             ; 0     ;
+----------------------------------------------+-------+


+---------------------------------------------------------------------------------------------------------------------------------------------------+
; Multiplexer Restructuring Statistics (Restructuring Performed)                                                                                    ;
+--------------------+-----------+---------------+----------------------+------------------------+------------+-------------------------------------+
; Multiplexer Inputs ; Bus Width ; Baseline Area ; Area if Restructured ; Saving if Restructured ; Registered ; Example Multiplexer Output          ;
+--------------------+-----------+---------------+----------------------+------------------------+------------+-------------------------------------+
; 3:1                ; 3 bits    ; 6 LEs         ; 6 LEs                ; 0 LEs                  ; No         ; |antfarm|testController:inst12|Mux0 ;
+--------------------+-----------+---------------+----------------------+------------------------+------------+-------------------------------------+


+--------------------------------------------------------------------+
; Parameter Settings for User Entity Instance: MovePopRegister:inst2 ;
+----------------+-------+-------------------------------------------+
; Parameter Name ; Value ; Type                                      ;
+----------------+-------+-------------------------------------------+
; W              ; 3     ; Signed Integer                            ;
; S              ; 32    ; Signed Integer                            ;
; L              ; 96    ; Signed Integer                            ;
+----------------+-------+-------------------------------------------+
Note: In order to hide this table in the UI and the text report file, please set the "Show Parameter Settings in Synthesis Report" option in "Analysis and Synthesis Settings -> More Settings" to "Off".


+-------------------------------+
; Elapsed Time Per Partition    ;
+----------------+--------------+
; Partition Name ; Elapsed Time ;
+----------------+--------------+
; Top            ; 00:00:00     ;
+----------------+--------------+


+-------------------------------+
; Analysis & Synthesis Messages ;
+-------------------------------+
Info: *******************************************************************
Info: Running Quartus II 64-Bit Analysis & Synthesis
    Info: Version 13.0.1 Build 232 06/12/2013 Service Pack 1 SJ Web Edition
    Info: Processing started: Wed Oct 30 13:56:07 2019
Info: Command: quartus_map --read_settings_files=on --write_settings_files=off antfarm -c antfarm
Warning (20028): Parallel compilation is not licensed and has been disabled
Warning (10463): Verilog HDL Declaration warning at block.v(6): "type" is SystemVerilog-2005 keyword
Info (12021): Found 1 design units, including 1 entities, in source file block.v
    Info (12023): Found entity 1: block
Info (12021): Found 1 design units, including 1 entities, in source file antfarm.bdf
    Info (12023): Found entity 1: antfarm
Warning (12019): Can't analyze file -- file MovePopRegistere.v is missing
Info (12021): Found 1 design units, including 1 entities, in source file movepopregister.v
    Info (12023): Found entity 1: MovePopRegister
Warning (12019): Can't analyze file -- file 3BitPopRegisterNode.v is missing
Info (12021): Found 1 design units, including 1 entities, in source file threebitpopregisternode.v
    Info (12023): Found entity 1: ThreeBitPopRegisterNode
Info (12021): Found 1 design units, including 1 entities, in source file threebitby3popregister.bdf
    Info (12023): Found entity 1: threeBitby3popregister
Info (12021): Found 1 design units, including 1 entities, in source file display.v
    Info (12023): Found entity 1: display
Warning (10229): Verilog HDL Expression warning at testController.v(14): truncated literal to match 4 bits
Info (12021): Found 1 design units, including 1 entities, in source file testcontroller.v
    Info (12023): Found entity 1: testController
Info (12127): Elaborating entity "antfarm" for the top level hierarchy
Warning (275080): Converted elements in bus name "R" using legacy naming rules. Make any assignments on the new names, not on the original names.
    Warning (275081): Converted element name(s) from "R[0]" to "R0"
    Warning (275081): Converted element name(s) from "R[1]" to "R1"
    Warning (275081): Converted element name(s) from "R[1..0]" to "R1..0"
Info (12128): Elaborating entity "display" for hierarchy "display:inst3"
Critical Warning (10169): Verilog HDL warning at display.v(3): the port and data declarations for array port "out" do not specify the same range for each dimension
Warning (10359): HDL warning at display.v(14): see declaration for object "out"
Info (12128): Elaborating entity "testController" for hierarchy "testController:inst12"
Warning (10240): Verilog HDL Always Construct warning at testController.v(10): inferring latch(es) for variable "out", which holds its previous value in one or more paths through the always construct
Warning (10240): Verilog HDL Always Construct warning at testController.v(10): inferring latch(es) for variable "leftOut", which holds its previous value in one or more paths through the always construct
Info (10041): Inferred latch for "leftOut[0]" at testController.v(10)
Info (10041): Inferred latch for "leftOut[1]" at testController.v(10)
Info (10041): Inferred latch for "leftOut[2]" at testController.v(10)
Info (10041): Inferred latch for "out[0]" at testController.v(10)
Info (10041): Inferred latch for "out[1]" at testController.v(10)
Info (10041): Inferred latch for "out[2]" at testController.v(10)
Info (10041): Inferred latch for "out[3]" at testController.v(10)
Info (12128): Elaborating entity "MovePopRegister" for hierarchy "MovePopRegister:inst2"
Warning (10230): Verilog HDL assignment warning at MovePopRegister.v(22): truncated value with size 4 to match size of target (3)
Warning (10230): Verilog HDL assignment warning at MovePopRegister.v(25): truncated value with size 8 to match size of target (4)
Warning (10240): Verilog HDL Always Construct warning at MovePopRegister.v(18): inferring latch(es) for variable "store", which holds its previous value in one or more paths through the always construct
Warning (10240): Verilog HDL Always Construct warning at MovePopRegister.v(18): inferring latch(es) for variable "tempStore", which holds its previous value in one or more paths through the always construct
Warning (10240): Verilog HDL Always Construct warning at MovePopRegister.v(18): inferring latch(es) for variable "LeftOut", which holds its previous value in one or more paths through the always construct
Warning (10034): Output port "RightOut" at MovePopRegister.v(7) has no driver
Info (10041): Inferred latch for "LeftOut[0]" at MovePopRegister.v(18)
Info (10041): Inferred latch for "LeftOut[1]" at MovePopRegister.v(18)
Info (10041): Inferred latch for "LeftOut[2]" at MovePopRegister.v(18)
Info (10041): Inferred latch for "tempStore[0]" at MovePopRegister.v(18)
Info (10041): Inferred latch for "tempStore[1]" at MovePopRegister.v(18)
Info (10041): Inferred latch for "tempStore[2]" at MovePopRegister.v(18)
Info (10041): Inferred latch for "tempStore[3]" at MovePopRegister.v(18)
Info (10041): Inferred latch for "tempStore[4]" at MovePopRegister.v(18)
Info (10041): Inferred latch for "tempStore[5]" at MovePopRegister.v(18)
Info (10041): Inferred latch for "tempStore[6]" at MovePopRegister.v(18)
Info (10041): Inferred latch for "tempStore[7]" at MovePopRegister.v(18)
Info (10041): Inferred latch for "tempStore[8]" at MovePopRegister.v(18)
Info (10041): Inferred latch for "tempStore[9]" at MovePopRegister.v(18)
Info (10041): Inferred latch for "tempStore[10]" at MovePopRegister.v(18)
Info (10041): Inferred latch for "tempStore[11]" at MovePopRegister.v(18)
Info (10041): Inferred latch for "tempStore[12]" at MovePopRegister.v(18)
Info (10041): Inferred latch for "tempStore[13]" at MovePopRegister.v(18)
Info (10041): Inferred latch for "tempStore[14]" at MovePopRegister.v(18)
Info (10041): Inferred latch for "tempStore[15]" at MovePopRegister.v(18)
Info (10041): Inferred latch for "tempStore[16]" at MovePopRegister.v(18)
Info (10041): Inferred latch for "tempStore[17]" at MovePopRegister.v(18)
Info (10041): Inferred latch for "tempStore[18]" at MovePopRegister.v(18)
Info (10041): Inferred latch for "tempStore[19]" at MovePopRegister.v(18)
Info (10041): Inferred latch for "tempStore[20]" at MovePopRegister.v(18)
Info (10041): Inferred latch for "tempStore[21]" at MovePopRegister.v(18)
Info (10041): Inferred latch for "tempStore[22]" at MovePopRegister.v(18)
Info (10041): Inferred latch for "tempStore[23]" at MovePopRegister.v(18)
Info (10041): Inferred latch for "tempStore[24]" at MovePopRegister.v(18)
Info (10041): Inferred latch for "tempStore[25]" at MovePopRegister.v(18)
Info (10041): Inferred latch for "tempStore[26]" at MovePopRegister.v(18)
Info (10041): Inferred latch for "tempStore[27]" at MovePopRegister.v(18)
Info (10041): Inferred latch for "tempStore[28]" at MovePopRegister.v(18)
Info (10041): Inferred latch for "tempStore[29]" at MovePopRegister.v(18)
Info (10041): Inferred latch for "tempStore[30]" at MovePopRegister.v(18)
Info (10041): Inferred latch for "tempStore[31]" at MovePopRegister.v(18)
Info (10041): Inferred latch for "tempStore[32]" at MovePopRegister.v(18)
Info (10041): Inferred latch for "tempStore[33]" at MovePopRegister.v(18)
Info (10041): Inferred latch for "tempStore[34]" at MovePopRegister.v(18)
Info (10041): Inferred latch for "tempStore[35]" at MovePopRegister.v(18)
Info (10041): Inferred latch for "tempStore[36]" at MovePopRegister.v(18)
Info (10041): Inferred latch for "tempStore[37]" at MovePopRegister.v(18)
Info (10041): Inferred latch for "tempStore[38]" at MovePopRegister.v(18)
Info (10041): Inferred latch for "tempStore[39]" at MovePopRegister.v(18)
Info (10041): Inferred latch for "tempStore[40]" at MovePopRegister.v(18)
Info (10041): Inferred latch for "tempStore[41]" at MovePopRegister.v(18)
Info (10041): Inferred latch for "tempStore[42]" at MovePopRegister.v(18)
Info (10041): Inferred latch for "tempStore[43]" at MovePopRegister.v(18)
Info (10041): Inferred latch for "tempStore[44]" at MovePopRegister.v(18)
Info (10041): Inferred latch for "tempStore[45]" at MovePopRegister.v(18)
Info (10041): Inferred latch for "tempStore[46]" at MovePopRegister.v(18)
Info (10041): Inferred latch for "tempStore[47]" at MovePopRegister.v(18)
Info (10041): Inferred latch for "tempStore[48]" at MovePopRegister.v(18)
Info (10041): Inferred latch for "tempStore[49]" at MovePopRegister.v(18)
Info (10041): Inferred latch for "tempStore[50]" at MovePopRegister.v(18)
Info (10041): Inferred latch for "tempStore[51]" at MovePopRegister.v(18)
Info (10041): Inferred latch for "tempStore[52]" at MovePopRegister.v(18)
Info (10041): Inferred latch for "tempStore[53]" at MovePopRegister.v(18)
Info (10041): Inferred latch for "tempStore[54]" at MovePopRegister.v(18)
Info (10041): Inferred latch for "tempStore[55]" at MovePopRegister.v(18)
Info (10041): Inferred latch for "tempStore[56]" at MovePopRegister.v(18)
Info (10041): Inferred latch for "tempStore[57]" at MovePopRegister.v(18)
Info (10041): Inferred latch for "tempStore[58]" at MovePopRegister.v(18)
Info (10041): Inferred latch for "tempStore[59]" at MovePopRegister.v(18)
Info (10041): Inferred latch for "tempStore[60]" at MovePopRegister.v(18)
Info (10041): Inferred latch for "tempStore[61]" at MovePopRegister.v(18)
Info (10041): Inferred latch for "tempStore[62]" at MovePopRegister.v(18)
Info (10041): Inferred latch for "tempStore[63]" at MovePopRegister.v(18)
Info (10041): Inferred latch for "tempStore[64]" at MovePopRegister.v(18)
Info (10041): Inferred latch for "tempStore[65]" at MovePopRegister.v(18)
Info (10041): Inferred latch for "tempStore[66]" at MovePopRegister.v(18)
Info (10041): Inferred latch for "tempStore[67]" at MovePopRegister.v(18)
Info (10041): Inferred latch for "tempStore[68]" at MovePopRegister.v(18)
Info (10041): Inferred latch for "tempStore[69]" at MovePopRegister.v(18)
Info (10041): Inferred latch for "tempStore[70]" at MovePopRegister.v(18)
Info (10041): Inferred latch for "tempStore[71]" at MovePopRegister.v(18)
Info (10041): Inferred latch for "tempStore[72]" at MovePopRegister.v(18)
Info (10041): Inferred latch for "tempStore[73]" at MovePopRegister.v(18)
Info (10041): Inferred latch for "tempStore[74]" at MovePopRegister.v(18)
Info (10041): Inferred latch for "tempStore[75]" at MovePopRegister.v(18)
Info (10041): Inferred latch for "tempStore[76]" at MovePopRegister.v(18)
Info (10041): Inferred latch for "tempStore[77]" at MovePopRegister.v(18)
Info (10041): Inferred latch for "tempStore[78]" at MovePopRegister.v(18)
Info (10041): Inferred latch for "tempStore[79]" at MovePopRegister.v(18)
Info (10041): Inferred latch for "tempStore[80]" at MovePopRegister.v(18)
Info (10041): Inferred latch for "tempStore[81]" at MovePopRegister.v(18)
Info (10041): Inferred latch for "tempStore[82]" at MovePopRegister.v(18)
Info (10041): Inferred latch for "tempStore[83]" at MovePopRegister.v(18)
Info (10041): Inferred latch for "tempStore[84]" at MovePopRegister.v(18)
Info (10041): Inferred latch for "tempStore[85]" at MovePopRegister.v(18)
Info (10041): Inferred latch for "tempStore[86]" at MovePopRegister.v(18)
Info (10041): Inferred latch for "tempStore[87]" at MovePopRegister.v(18)
Info (10041): Inferred latch for "tempStore[88]" at MovePopRegister.v(18)
Info (10041): Inferred latch for "tempStore[89]" at MovePopRegister.v(18)
Info (10041): Inferred latch for "tempStore[90]" at MovePopRegister.v(18)
Info (10041): Inferred latch for "tempStore[91]" at MovePopRegister.v(18)
Info (10041): Inferred latch for "tempStore[92]" at MovePopRegister.v(18)
Info (10041): Inferred latch for "store[0]" at MovePopRegister.v(18)
Info (10041): Inferred latch for "store[1]" at MovePopRegister.v(18)
Info (10041): Inferred latch for "store[2]" at MovePopRegister.v(18)
Info (10041): Inferred latch for "store[3]" at MovePopRegister.v(18)
Info (10041): Inferred latch for "store[4]" at MovePopRegister.v(18)
Info (10041): Inferred latch for "store[5]" at MovePopRegister.v(18)
Info (10041): Inferred latch for "store[6]" at MovePopRegister.v(18)
Info (10041): Inferred latch for "store[7]" at MovePopRegister.v(18)
Info (10041): Inferred latch for "store[8]" at MovePopRegister.v(18)
Info (10041): Inferred latch for "store[9]" at MovePopRegister.v(18)
Info (10041): Inferred latch for "store[10]" at MovePopRegister.v(18)
Info (10041): Inferred latch for "store[11]" at MovePopRegister.v(18)
Info (10041): Inferred latch for "store[12]" at MovePopRegister.v(18)
Info (10041): Inferred latch for "store[13]" at MovePopRegister.v(18)
Info (10041): Inferred latch for "store[14]" at MovePopRegister.v(18)
Info (10041): Inferred latch for "store[15]" at MovePopRegister.v(18)
Info (10041): Inferred latch for "store[16]" at MovePopRegister.v(18)
Info (10041): Inferred latch for "store[17]" at MovePopRegister.v(18)
Info (10041): Inferred latch for "store[18]" at MovePopRegister.v(18)
Info (10041): Inferred latch for "store[19]" at MovePopRegister.v(18)
Info (10041): Inferred latch for "store[20]" at MovePopRegister.v(18)
Info (10041): Inferred latch for "store[21]" at MovePopRegister.v(18)
Info (10041): Inferred latch for "store[22]" at MovePopRegister.v(18)
Info (10041): Inferred latch for "store[23]" at MovePopRegister.v(18)
Info (10041): Inferred latch for "store[24]" at MovePopRegister.v(18)
Info (10041): Inferred latch for "store[25]" at MovePopRegister.v(18)
Info (10041): Inferred latch for "store[26]" at MovePopRegister.v(18)
Info (10041): Inferred latch for "store[27]" at MovePopRegister.v(18)
Info (10041): Inferred latch for "store[28]" at MovePopRegister.v(18)
Info (10041): Inferred latch for "store[29]" at MovePopRegister.v(18)
Info (10041): Inferred latch for "store[30]" at MovePopRegister.v(18)
Info (10041): Inferred latch for "store[31]" at MovePopRegister.v(18)
Info (10041): Inferred latch for "store[32]" at MovePopRegister.v(18)
Info (10041): Inferred latch for "store[33]" at MovePopRegister.v(18)
Info (10041): Inferred latch for "store[34]" at MovePopRegister.v(18)
Info (10041): Inferred latch for "store[35]" at MovePopRegister.v(18)
Info (10041): Inferred latch for "store[36]" at MovePopRegister.v(18)
Info (10041): Inferred latch for "store[37]" at MovePopRegister.v(18)
Info (10041): Inferred latch for "store[38]" at MovePopRegister.v(18)
Info (10041): Inferred latch for "store[39]" at MovePopRegister.v(18)
Info (10041): Inferred latch for "store[40]" at MovePopRegister.v(18)
Info (10041): Inferred latch for "store[41]" at MovePopRegister.v(18)
Info (10041): Inferred latch for "store[42]" at MovePopRegister.v(18)
Info (10041): Inferred latch for "store[43]" at MovePopRegister.v(18)
Info (10041): Inferred latch for "store[44]" at MovePopRegister.v(18)
Info (10041): Inferred latch for "store[45]" at MovePopRegister.v(18)
Info (10041): Inferred latch for "store[46]" at MovePopRegister.v(18)
Info (10041): Inferred latch for "store[47]" at MovePopRegister.v(18)
Info (10041): Inferred latch for "store[48]" at MovePopRegister.v(18)
Info (10041): Inferred latch for "store[49]" at MovePopRegister.v(18)
Info (10041): Inferred latch for "store[50]" at MovePopRegister.v(18)
Info (10041): Inferred latch for "store[51]" at MovePopRegister.v(18)
Info (10041): Inferred latch for "store[52]" at MovePopRegister.v(18)
Info (10041): Inferred latch for "store[53]" at MovePopRegister.v(18)
Info (10041): Inferred latch for "store[54]" at MovePopRegister.v(18)
Info (10041): Inferred latch for "store[55]" at MovePopRegister.v(18)
Info (10041): Inferred latch for "store[56]" at MovePopRegister.v(18)
Info (10041): Inferred latch for "store[57]" at MovePopRegister.v(18)
Info (10041): Inferred latch for "store[58]" at MovePopRegister.v(18)
Info (10041): Inferred latch for "store[59]" at MovePopRegister.v(18)
Info (10041): Inferred latch for "store[60]" at MovePopRegister.v(18)
Info (10041): Inferred latch for "store[61]" at MovePopRegister.v(18)
Info (10041): Inferred latch for "store[62]" at MovePopRegister.v(18)
Info (10041): Inferred latch for "store[63]" at MovePopRegister.v(18)
Info (10041): Inferred latch for "store[64]" at MovePopRegister.v(18)
Info (10041): Inferred latch for "store[65]" at MovePopRegister.v(18)
Info (10041): Inferred latch for "store[66]" at MovePopRegister.v(18)
Info (10041): Inferred latch for "store[67]" at MovePopRegister.v(18)
Info (10041): Inferred latch for "store[68]" at MovePopRegister.v(18)
Info (10041): Inferred latch for "store[69]" at MovePopRegister.v(18)
Info (10041): Inferred latch for "store[70]" at MovePopRegister.v(18)
Info (10041): Inferred latch for "store[71]" at MovePopRegister.v(18)
Info (10041): Inferred latch for "store[72]" at MovePopRegister.v(18)
Info (10041): Inferred latch for "store[73]" at MovePopRegister.v(18)
Info (10041): Inferred latch for "store[74]" at MovePopRegister.v(18)
Info (10041): Inferred latch for "store[75]" at MovePopRegister.v(18)
Info (10041): Inferred latch for "store[76]" at MovePopRegister.v(18)
Info (10041): Inferred latch for "store[77]" at MovePopRegister.v(18)
Info (10041): Inferred latch for "store[78]" at MovePopRegister.v(18)
Info (10041): Inferred latch for "store[79]" at MovePopRegister.v(18)
Info (10041): Inferred latch for "store[80]" at MovePopRegister.v(18)
Info (10041): Inferred latch for "store[81]" at MovePopRegister.v(18)
Info (10041): Inferred latch for "store[82]" at MovePopRegister.v(18)
Info (10041): Inferred latch for "store[83]" at MovePopRegister.v(18)
Info (10041): Inferred latch for "store[84]" at MovePopRegister.v(18)
Info (10041): Inferred latch for "store[85]" at MovePopRegister.v(18)
Info (10041): Inferred latch for "store[86]" at MovePopRegister.v(18)
Info (10041): Inferred latch for "store[87]" at MovePopRegister.v(18)
Info (10041): Inferred latch for "store[88]" at MovePopRegister.v(18)
Info (10041): Inferred latch for "store[89]" at MovePopRegister.v(18)
Info (10041): Inferred latch for "store[90]" at MovePopRegister.v(18)
Info (10041): Inferred latch for "store[91]" at MovePopRegister.v(18)
Info (10041): Inferred latch for "store[92]" at MovePopRegister.v(18)
Info (10041): Inferred latch for "store[93]" at MovePopRegister.v(18)
Info (10041): Inferred latch for "store[94]" at MovePopRegister.v(18)
Info (10041): Inferred latch for "store[95]" at MovePopRegister.v(18)
Warning (13012): Latch testController:inst12|out[1] has unsafe behavior
    Warning (13013): Ports D and ENA on the latch are fed by the same signal R1
Warning (13012): Latch testController:inst12|out[0] has unsafe behavior
    Warning (13013): Ports D and ENA on the latch are fed by the same signal R1
Warning (13012): Latch testController:inst12|out[2] has unsafe behavior
    Warning (13013): Ports D and ENA on the latch are fed by the same signal R1
Warning (13012): Latch MovePopRegister:inst2|store[1] has unsafe behavior
    Warning (13013): Ports D and ENA on the latch are fed by the same signal push
Warning (13012): Latch MovePopRegister:inst2|store[0] has unsafe behavior
    Warning (13013): Ports D and ENA on the latch are fed by the same signal push
Warning (13012): Latch MovePopRegister:inst2|store[2] has unsafe behavior
    Warning (13013): Ports D and ENA on the latch are fed by the same signal push
Warning (13012): Latch MovePopRegister:inst2|tempStore[1] has unsafe behavior
    Warning (13013): Ports D and ENA on the latch are fed by the same signal push
Warning (13012): Latch MovePopRegister:inst2|tempStore[0] has unsafe behavior
    Warning (13013): Ports D and ENA on the latch are fed by the same signal push
Warning (13012): Latch MovePopRegister:inst2|tempStore[2] has unsafe behavior
    Warning (13013): Ports D and ENA on the latch are fed by the same signal push
Warning (13012): Latch MovePopRegister:inst2|store[4] has unsafe behavior
    Warning (13013): Ports D and ENA on the latch are fed by the same signal push
Warning (13012): Latch MovePopRegister:inst2|store[3] has unsafe behavior
    Warning (13013): Ports D and ENA on the latch are fed by the same signal push
Warning (13012): Latch MovePopRegister:inst2|store[5] has unsafe behavior
    Warning (13013): Ports D and ENA on the latch are fed by the same signal push
Warning (13012): Latch MovePopRegister:inst2|tempStore[4] has unsafe behavior
    Warning (13013): Ports D and ENA on the latch are fed by the same signal push
Warning (13012): Latch MovePopRegister:inst2|tempStore[3] has unsafe behavior
    Warning (13013): Ports D and ENA on the latch are fed by the same signal push
Warning (13012): Latch MovePopRegister:inst2|tempStore[5] has unsafe behavior
    Warning (13013): Ports D and ENA on the latch are fed by the same signal push
Warning (13012): Latch MovePopRegister:inst2|store[7] has unsafe behavior
    Warning (13013): Ports D and ENA on the latch are fed by the same signal push
Warning (13012): Latch MovePopRegister:inst2|store[6] has unsafe behavior
    Warning (13013): Ports D and ENA on the latch are fed by the same signal push
Warning (13012): Latch MovePopRegister:inst2|store[8] has unsafe behavior
    Warning (13013): Ports D and ENA on the latch are fed by the same signal push
Warning (13012): Latch MovePopRegister:inst2|tempStore[7] has unsafe behavior
    Warning (13013): Ports D and ENA on the latch are fed by the same signal push
Warning (13012): Latch MovePopRegister:inst2|tempStore[6] has unsafe behavior
    Warning (13013): Ports D and ENA on the latch are fed by the same signal push
Warning (13012): Latch MovePopRegister:inst2|tempStore[8] has unsafe behavior
    Warning (13013): Ports D and ENA on the latch are fed by the same signal push
Warning (13012): Latch MovePopRegister:inst2|store[10] has unsafe behavior
    Warning (13013): Ports D and ENA on the latch are fed by the same signal push
Warning (13012): Latch MovePopRegister:inst2|store[9] has unsafe behavior
    Warning (13013): Ports D and ENA on the latch are fed by the same signal push
Warning (13012): Latch MovePopRegister:inst2|store[11] has unsafe behavior
    Warning (13013): Ports D and ENA on the latch are fed by the same signal push
Warning (13012): Latch MovePopRegister:inst2|tempStore[10] has unsafe behavior
    Warning (13013): Ports D and ENA on the latch are fed by the same signal push
Warning (13012): Latch MovePopRegister:inst2|tempStore[9] has unsafe behavior
    Warning (13013): Ports D and ENA on the latch are fed by the same signal push
Warning (13012): Latch MovePopRegister:inst2|tempStore[11] has unsafe behavior
    Warning (13013): Ports D and ENA on the latch are fed by the same signal push
Warning (13012): Latch MovePopRegister:inst2|store[13] has unsafe behavior
    Warning (13013): Ports D and ENA on the latch are fed by the same signal push
Warning (13012): Latch MovePopRegister:inst2|store[12] has unsafe behavior
    Warning (13013): Ports D and ENA on the latch are fed by the same signal push
Warning (13012): Latch MovePopRegister:inst2|store[14] has unsafe behavior
    Warning (13013): Ports D and ENA on the latch are fed by the same signal push
Warning (13012): Latch MovePopRegister:inst2|tempStore[13] has unsafe behavior
    Warning (13013): Ports D and ENA on the latch are fed by the same signal push
Warning (13012): Latch MovePopRegister:inst2|tempStore[12] has unsafe behavior
    Warning (13013): Ports D and ENA on the latch are fed by the same signal push
Warning (13012): Latch MovePopRegister:inst2|tempStore[14] has unsafe behavior
    Warning (13013): Ports D and ENA on the latch are fed by the same signal push
Warning (13012): Latch MovePopRegister:inst2|store[16] has unsafe behavior
    Warning (13013): Ports D and ENA on the latch are fed by the same signal push
Warning (13012): Latch MovePopRegister:inst2|store[15] has unsafe behavior
    Warning (13013): Ports D and ENA on the latch are fed by the same signal push
Warning (13012): Latch MovePopRegister:inst2|store[17] has unsafe behavior
    Warning (13013): Ports D and ENA on the latch are fed by the same signal push
Warning (13012): Latch MovePopRegister:inst2|tempStore[16] has unsafe behavior
    Warning (13013): Ports D and ENA on the latch are fed by the same signal push
Warning (13012): Latch MovePopRegister:inst2|tempStore[15] has unsafe behavior
    Warning (13013): Ports D and ENA on the latch are fed by the same signal push
Warning (13012): Latch MovePopRegister:inst2|tempStore[17] has unsafe behavior
    Warning (13013): Ports D and ENA on the latch are fed by the same signal push
Warning (13012): Latch MovePopRegister:inst2|store[19] has unsafe behavior
    Warning (13013): Ports D and ENA on the latch are fed by the same signal push
Warning (13012): Latch MovePopRegister:inst2|store[18] has unsafe behavior
    Warning (13013): Ports D and ENA on the latch are fed by the same signal push
Warning (13012): Latch MovePopRegister:inst2|store[20] has unsafe behavior
    Warning (13013): Ports D and ENA on the latch are fed by the same signal push
Warning (13012): Latch MovePopRegister:inst2|tempStore[19] has unsafe behavior
    Warning (13013): Ports D and ENA on the latch are fed by the same signal push
Warning (13012): Latch MovePopRegister:inst2|tempStore[18] has unsafe behavior
    Warning (13013): Ports D and ENA on the latch are fed by the same signal push
Warning (13012): Latch MovePopRegister:inst2|tempStore[20] has unsafe behavior
    Warning (13013): Ports D and ENA on the latch are fed by the same signal push
Warning (13012): Latch MovePopRegister:inst2|store[22] has unsafe behavior
    Warning (13013): Ports D and ENA on the latch are fed by the same signal push
Warning (13012): Latch MovePopRegister:inst2|store[21] has unsafe behavior
    Warning (13013): Ports D and ENA on the latch are fed by the same signal push
Warning (13012): Latch MovePopRegister:inst2|store[23] has unsafe behavior
    Warning (13013): Ports D and ENA on the latch are fed by the same signal push
Warning (13012): Latch MovePopRegister:inst2|tempStore[22] has unsafe behavior
    Warning (13013): Ports D and ENA on the latch are fed by the same signal push
Warning (13012): Latch MovePopRegister:inst2|tempStore[21] has unsafe behavior
    Warning (13013): Ports D and ENA on the latch are fed by the same signal push
Warning (13012): Latch MovePopRegister:inst2|tempStore[23] has unsafe behavior
    Warning (13013): Ports D and ENA on the latch are fed by the same signal push
Warning (13012): Latch MovePopRegister:inst2|store[25] has unsafe behavior
    Warning (13013): Ports D and ENA on the latch are fed by the same signal push
Warning (13012): Latch MovePopRegister:inst2|store[24] has unsafe behavior
    Warning (13013): Ports D and ENA on the latch are fed by the same signal push
Warning (13012): Latch MovePopRegister:inst2|store[26] has unsafe behavior
    Warning (13013): Ports D and ENA on the latch are fed by the same signal push
Warning (13012): Latch MovePopRegister:inst2|tempStore[25] has unsafe behavior
    Warning (13013): Ports D and ENA on the latch are fed by the same signal push
Warning (13012): Latch MovePopRegister:inst2|tempStore[24] has unsafe behavior
    Warning (13013): Ports D and ENA on the latch are fed by the same signal push
Warning (13012): Latch MovePopRegister:inst2|tempStore[26] has unsafe behavior
    Warning (13013): Ports D and ENA on the latch are fed by the same signal push
Warning (13012): Latch MovePopRegister:inst2|store[28] has unsafe behavior
    Warning (13013): Ports D and ENA on the latch are fed by the same signal push
Warning (13012): Latch MovePopRegister:inst2|store[27] has unsafe behavior
    Warning (13013): Ports D and ENA on the latch are fed by the same signal push
Warning (13012): Latch MovePopRegister:inst2|store[29] has unsafe behavior
    Warning (13013): Ports D and ENA on the latch are fed by the same signal push
Warning (13012): Latch MovePopRegister:inst2|tempStore[28] has unsafe behavior
    Warning (13013): Ports D and ENA on the latch are fed by the same signal push
Warning (13012): Latch MovePopRegister:inst2|tempStore[27] has unsafe behavior
    Warning (13013): Ports D and ENA on the latch are fed by the same signal push
Warning (13012): Latch MovePopRegister:inst2|tempStore[29] has unsafe behavior
    Warning (13013): Ports D and ENA on the latch are fed by the same signal push
Warning (13012): Latch MovePopRegister:inst2|store[31] has unsafe behavior
    Warning (13013): Ports D and ENA on the latch are fed by the same signal push
Warning (13012): Latch MovePopRegister:inst2|store[30] has unsafe behavior
    Warning (13013): Ports D and ENA on the latch are fed by the same signal push
Warning (13012): Latch MovePopRegister:inst2|store[32] has unsafe behavior
    Warning (13013): Ports D and ENA on the latch are fed by the same signal push
Warning (13012): Latch MovePopRegister:inst2|tempStore[31] has unsafe behavior
    Warning (13013): Ports D and ENA on the latch are fed by the same signal push
Warning (13012): Latch MovePopRegister:inst2|tempStore[30] has unsafe behavior
    Warning (13013): Ports D and ENA on the latch are fed by the same signal push
Warning (13012): Latch MovePopRegister:inst2|tempStore[32] has unsafe behavior
    Warning (13013): Ports D and ENA on the latch are fed by the same signal push
Warning (13012): Latch MovePopRegister:inst2|store[34] has unsafe behavior
    Warning (13013): Ports D and ENA on the latch are fed by the same signal push
Warning (13012): Latch MovePopRegister:inst2|store[33] has unsafe behavior
    Warning (13013): Ports D and ENA on the latch are fed by the same signal push
Warning (13012): Latch MovePopRegister:inst2|store[35] has unsafe behavior
    Warning (13013): Ports D and ENA on the latch are fed by the same signal push
Warning (13012): Latch MovePopRegister:inst2|tempStore[34] has unsafe behavior
    Warning (13013): Ports D and ENA on the latch are fed by the same signal push
Warning (13012): Latch MovePopRegister:inst2|tempStore[33] has unsafe behavior
    Warning (13013): Ports D and ENA on the latch are fed by the same signal push
Warning (13012): Latch MovePopRegister:inst2|tempStore[35] has unsafe behavior
    Warning (13013): Ports D and ENA on the latch are fed by the same signal push
Warning (13012): Latch MovePopRegister:inst2|store[37] has unsafe behavior
    Warning (13013): Ports D and ENA on the latch are fed by the same signal push
Warning (13012): Latch MovePopRegister:inst2|store[36] has unsafe behavior
    Warning (13013): Ports D and ENA on the latch are fed by the same signal push
Warning (13012): Latch MovePopRegister:inst2|store[38] has unsafe behavior
    Warning (13013): Ports D and ENA on the latch are fed by the same signal push
Warning (13012): Latch MovePopRegister:inst2|tempStore[37] has unsafe behavior
    Warning (13013): Ports D and ENA on the latch are fed by the same signal push
Warning (13012): Latch MovePopRegister:inst2|tempStore[36] has unsafe behavior
    Warning (13013): Ports D and ENA on the latch are fed by the same signal push
Warning (13012): Latch MovePopRegister:inst2|tempStore[38] has unsafe behavior
    Warning (13013): Ports D and ENA on the latch are fed by the same signal push
Warning (13012): Latch MovePopRegister:inst2|store[40] has unsafe behavior
    Warning (13013): Ports D and ENA on the latch are fed by the same signal push
Warning (13012): Latch MovePopRegister:inst2|store[39] has unsafe behavior
    Warning (13013): Ports D and ENA on the latch are fed by the same signal push
Warning (13012): Latch MovePopRegister:inst2|store[41] has unsafe behavior
    Warning (13013): Ports D and ENA on the latch are fed by the same signal push
Warning (13012): Latch MovePopRegister:inst2|tempStore[40] has unsafe behavior
    Warning (13013): Ports D and ENA on the latch are fed by the same signal push
Warning (13012): Latch MovePopRegister:inst2|tempStore[39] has unsafe behavior
    Warning (13013): Ports D and ENA on the latch are fed by the same signal push
Warning (13012): Latch MovePopRegister:inst2|tempStore[41] has unsafe behavior
    Warning (13013): Ports D and ENA on the latch are fed by the same signal push
Warning (13012): Latch MovePopRegister:inst2|store[43] has unsafe behavior
    Warning (13013): Ports D and ENA on the latch are fed by the same signal push
Warning (13012): Latch MovePopRegister:inst2|store[42] has unsafe behavior
    Warning (13013): Ports D and ENA on the latch are fed by the same signal push
Warning (13012): Latch MovePopRegister:inst2|store[44] has unsafe behavior
    Warning (13013): Ports D and ENA on the latch are fed by the same signal push
Warning (13012): Latch MovePopRegister:inst2|tempStore[43] has unsafe behavior
    Warning (13013): Ports D and ENA on the latch are fed by the same signal push
Warning (13012): Latch MovePopRegister:inst2|tempStore[42] has unsafe behavior
    Warning (13013): Ports D and ENA on the latch are fed by the same signal push
Warning (13012): Latch MovePopRegister:inst2|tempStore[44] has unsafe behavior
    Warning (13013): Ports D and ENA on the latch are fed by the same signal push
Warning (13012): Latch MovePopRegister:inst2|store[46] has unsafe behavior
    Warning (13013): Ports D and ENA on the latch are fed by the same signal push
Warning (13012): Latch MovePopRegister:inst2|store[45] has unsafe behavior
    Warning (13013): Ports D and ENA on the latch are fed by the same signal push
Warning (13012): Latch MovePopRegister:inst2|store[47] has unsafe behavior
    Warning (13013): Ports D and ENA on the latch are fed by the same signal push
Warning (13012): Latch MovePopRegister:inst2|tempStore[46] has unsafe behavior
    Warning (13013): Ports D and ENA on the latch are fed by the same signal push
Warning (13012): Latch MovePopRegister:inst2|tempStore[45] has unsafe behavior
    Warning (13013): Ports D and ENA on the latch are fed by the same signal push
Warning (13012): Latch MovePopRegister:inst2|tempStore[47] has unsafe behavior
    Warning (13013): Ports D and ENA on the latch are fed by the same signal push
Warning (13012): Latch MovePopRegister:inst2|store[49] has unsafe behavior
    Warning (13013): Ports D and ENA on the latch are fed by the same signal push
Warning (13012): Latch MovePopRegister:inst2|store[48] has unsafe behavior
    Warning (13013): Ports D and ENA on the latch are fed by the same signal push
Warning (13012): Latch MovePopRegister:inst2|store[50] has unsafe behavior
    Warning (13013): Ports D and ENA on the latch are fed by the same signal push
Warning (13012): Latch MovePopRegister:inst2|tempStore[49] has unsafe behavior
    Warning (13013): Ports D and ENA on the latch are fed by the same signal push
Warning (13012): Latch MovePopRegister:inst2|tempStore[48] has unsafe behavior
    Warning (13013): Ports D and ENA on the latch are fed by the same signal push
Warning (13012): Latch MovePopRegister:inst2|tempStore[50] has unsafe behavior
    Warning (13013): Ports D and ENA on the latch are fed by the same signal push
Warning (13012): Latch MovePopRegister:inst2|store[52] has unsafe behavior
    Warning (13013): Ports D and ENA on the latch are fed by the same signal push
Warning (13012): Latch MovePopRegister:inst2|store[51] has unsafe behavior
    Warning (13013): Ports D and ENA on the latch are fed by the same signal push
Warning (13012): Latch MovePopRegister:inst2|store[53] has unsafe behavior
    Warning (13013): Ports D and ENA on the latch are fed by the same signal push
Warning (13012): Latch MovePopRegister:inst2|tempStore[52] has unsafe behavior
    Warning (13013): Ports D and ENA on the latch are fed by the same signal push
Warning (13012): Latch MovePopRegister:inst2|tempStore[51] has unsafe behavior
    Warning (13013): Ports D and ENA on the latch are fed by the same signal push
Warning (13012): Latch MovePopRegister:inst2|tempStore[53] has unsafe behavior
    Warning (13013): Ports D and ENA on the latch are fed by the same signal push
Warning (13012): Latch MovePopRegister:inst2|store[55] has unsafe behavior
    Warning (13013): Ports D and ENA on the latch are fed by the same signal push
Warning (13012): Latch MovePopRegister:inst2|store[54] has unsafe behavior
    Warning (13013): Ports D and ENA on the latch are fed by the same signal push
Warning (13012): Latch MovePopRegister:inst2|store[56] has unsafe behavior
    Warning (13013): Ports D and ENA on the latch are fed by the same signal push
Warning (13012): Latch MovePopRegister:inst2|tempStore[55] has unsafe behavior
    Warning (13013): Ports D and ENA on the latch are fed by the same signal push
Warning (13012): Latch MovePopRegister:inst2|tempStore[54] has unsafe behavior
    Warning (13013): Ports D and ENA on the latch are fed by the same signal push
Warning (13012): Latch MovePopRegister:inst2|tempStore[56] has unsafe behavior
    Warning (13013): Ports D and ENA on the latch are fed by the same signal push
Warning (13012): Latch MovePopRegister:inst2|store[58] has unsafe behavior
    Warning (13013): Ports D and ENA on the latch are fed by the same signal push
Warning (13012): Latch MovePopRegister:inst2|store[57] has unsafe behavior
    Warning (13013): Ports D and ENA on the latch are fed by the same signal push
Warning (13012): Latch MovePopRegister:inst2|store[59] has unsafe behavior
    Warning (13013): Ports D and ENA on the latch are fed by the same signal push
Warning (13012): Latch MovePopRegister:inst2|tempStore[58] has unsafe behavior
    Warning (13013): Ports D and ENA on the latch are fed by the same signal push
Warning (13012): Latch MovePopRegister:inst2|tempStore[57] has unsafe behavior
    Warning (13013): Ports D and ENA on the latch are fed by the same signal push
Warning (13012): Latch MovePopRegister:inst2|tempStore[59] has unsafe behavior
    Warning (13013): Ports D and ENA on the latch are fed by the same signal push
Warning (13012): Latch MovePopRegister:inst2|store[61] has unsafe behavior
    Warning (13013): Ports D and ENA on the latch are fed by the same signal push
Warning (13012): Latch MovePopRegister:inst2|store[60] has unsafe behavior
    Warning (13013): Ports D and ENA on the latch are fed by the same signal push
Warning (13012): Latch MovePopRegister:inst2|store[62] has unsafe behavior
    Warning (13013): Ports D and ENA on the latch are fed by the same signal push
Warning (13012): Latch MovePopRegister:inst2|tempStore[61] has unsafe behavior
    Warning (13013): Ports D and ENA on the latch are fed by the same signal push
Warning (13012): Latch MovePopRegister:inst2|tempStore[60] has unsafe behavior
    Warning (13013): Ports D and ENA on the latch are fed by the same signal push
Warning (13012): Latch MovePopRegister:inst2|tempStore[62] has unsafe behavior
    Warning (13013): Ports D and ENA on the latch are fed by the same signal push
Warning (13012): Latch MovePopRegister:inst2|store[64] has unsafe behavior
    Warning (13013): Ports D and ENA on the latch are fed by the same signal push
Warning (13012): Latch MovePopRegister:inst2|store[63] has unsafe behavior
    Warning (13013): Ports D and ENA on the latch are fed by the same signal push
Warning (13012): Latch MovePopRegister:inst2|store[65] has unsafe behavior
    Warning (13013): Ports D and ENA on the latch are fed by the same signal push
Warning (13012): Latch MovePopRegister:inst2|tempStore[64] has unsafe behavior
    Warning (13013): Ports D and ENA on the latch are fed by the same signal push
Warning (13012): Latch MovePopRegister:inst2|tempStore[63] has unsafe behavior
    Warning (13013): Ports D and ENA on the latch are fed by the same signal push
Warning (13012): Latch MovePopRegister:inst2|tempStore[65] has unsafe behavior
    Warning (13013): Ports D and ENA on the latch are fed by the same signal push
Warning (13012): Latch MovePopRegister:inst2|store[67] has unsafe behavior
    Warning (13013): Ports D and ENA on the latch are fed by the same signal push
Warning (13012): Latch MovePopRegister:inst2|store[66] has unsafe behavior
    Warning (13013): Ports D and ENA on the latch are fed by the same signal push
Warning (13012): Latch MovePopRegister:inst2|store[68] has unsafe behavior
    Warning (13013): Ports D and ENA on the latch are fed by the same signal push
Warning (13012): Latch MovePopRegister:inst2|tempStore[67] has unsafe behavior
    Warning (13013): Ports D and ENA on the latch are fed by the same signal push
Warning (13012): Latch MovePopRegister:inst2|tempStore[66] has unsafe behavior
    Warning (13013): Ports D and ENA on the latch are fed by the same signal push
Warning (13012): Latch MovePopRegister:inst2|tempStore[68] has unsafe behavior
    Warning (13013): Ports D and ENA on the latch are fed by the same signal push
Warning (13012): Latch MovePopRegister:inst2|store[70] has unsafe behavior
    Warning (13013): Ports D and ENA on the latch are fed by the same signal push
Warning (13012): Latch MovePopRegister:inst2|store[69] has unsafe behavior
    Warning (13013): Ports D and ENA on the latch are fed by the same signal push
Warning (13012): Latch MovePopRegister:inst2|store[71] has unsafe behavior
    Warning (13013): Ports D and ENA on the latch are fed by the same signal push
Warning (13012): Latch MovePopRegister:inst2|tempStore[70] has unsafe behavior
    Warning (13013): Ports D and ENA on the latch are fed by the same signal push
Warning (13012): Latch MovePopRegister:inst2|tempStore[69] has unsafe behavior
    Warning (13013): Ports D and ENA on the latch are fed by the same signal push
Warning (13012): Latch MovePopRegister:inst2|tempStore[71] has unsafe behavior
    Warning (13013): Ports D and ENA on the latch are fed by the same signal push
Warning (13012): Latch MovePopRegister:inst2|store[73] has unsafe behavior
    Warning (13013): Ports D and ENA on the latch are fed by the same signal push
Warning (13012): Latch MovePopRegister:inst2|store[72] has unsafe behavior
    Warning (13013): Ports D and ENA on the latch are fed by the same signal push
Warning (13012): Latch MovePopRegister:inst2|store[74] has unsafe behavior
    Warning (13013): Ports D and ENA on the latch are fed by the same signal push
Warning (13012): Latch MovePopRegister:inst2|tempStore[73] has unsafe behavior
    Warning (13013): Ports D and ENA on the latch are fed by the same signal push
Warning (13012): Latch MovePopRegister:inst2|tempStore[72] has unsafe behavior
    Warning (13013): Ports D and ENA on the latch are fed by the same signal push
Warning (13012): Latch MovePopRegister:inst2|tempStore[74] has unsafe behavior
    Warning (13013): Ports D and ENA on the latch are fed by the same signal push
Warning (13012): Latch MovePopRegister:inst2|store[76] has unsafe behavior
    Warning (13013): Ports D and ENA on the latch are fed by the same signal push
Warning (13012): Latch MovePopRegister:inst2|store[75] has unsafe behavior
    Warning (13013): Ports D and ENA on the latch are fed by the same signal push
Warning (13012): Latch MovePopRegister:inst2|store[77] has unsafe behavior
    Warning (13013): Ports D and ENA on the latch are fed by the same signal push
Warning (13012): Latch MovePopRegister:inst2|tempStore[76] has unsafe behavior
    Warning (13013): Ports D and ENA on the latch are fed by the same signal push
Warning (13012): Latch MovePopRegister:inst2|tempStore[75] has unsafe behavior
    Warning (13013): Ports D and ENA on the latch are fed by the same signal push
Warning (13012): Latch MovePopRegister:inst2|tempStore[77] has unsafe behavior
    Warning (13013): Ports D and ENA on the latch are fed by the same signal push
Warning (13012): Latch MovePopRegister:inst2|store[79] has unsafe behavior
    Warning (13013): Ports D and ENA on the latch are fed by the same signal push
Warning (13012): Latch MovePopRegister:inst2|store[78] has unsafe behavior
    Warning (13013): Ports D and ENA on the latch are fed by the same signal push
Warning (13012): Latch MovePopRegister:inst2|store[80] has unsafe behavior
    Warning (13013): Ports D and ENA on the latch are fed by the same signal push
Warning (13012): Latch MovePopRegister:inst2|tempStore[79] has unsafe behavior
    Warning (13013): Ports D and ENA on the latch are fed by the same signal push
Warning (13012): Latch MovePopRegister:inst2|tempStore[78] has unsafe behavior
    Warning (13013): Ports D and ENA on the latch are fed by the same signal push
Warning (13012): Latch MovePopRegister:inst2|tempStore[80] has unsafe behavior
    Warning (13013): Ports D and ENA on the latch are fed by the same signal push
Warning (13012): Latch MovePopRegister:inst2|store[82] has unsafe behavior
    Warning (13013): Ports D and ENA on the latch are fed by the same signal push
Warning (13012): Latch MovePopRegister:inst2|store[81] has unsafe behavior
    Warning (13013): Ports D and ENA on the latch are fed by the same signal push
Warning (13012): Latch MovePopRegister:inst2|store[83] has unsafe behavior
    Warning (13013): Ports D and ENA on the latch are fed by the same signal push
Warning (13012): Latch MovePopRegister:inst2|tempStore[82] has unsafe behavior
    Warning (13013): Ports D and ENA on the latch are fed by the same signal push
Warning (13012): Latch MovePopRegister:inst2|tempStore[81] has unsafe behavior
    Warning (13013): Ports D and ENA on the latch are fed by the same signal push
Warning (13012): Latch MovePopRegister:inst2|tempStore[83] has unsafe behavior
    Warning (13013): Ports D and ENA on the latch are fed by the same signal push
Warning (13012): Latch MovePopRegister:inst2|store[85] has unsafe behavior
    Warning (13013): Ports D and ENA on the latch are fed by the same signal push
Warning (13012): Latch MovePopRegister:inst2|store[84] has unsafe behavior
    Warning (13013): Ports D and ENA on the latch are fed by the same signal push
Warning (13012): Latch MovePopRegister:inst2|store[86] has unsafe behavior
    Warning (13013): Ports D and ENA on the latch are fed by the same signal push
Warning (13012): Latch MovePopRegister:inst2|tempStore[85] has unsafe behavior
    Warning (13013): Ports D and ENA on the latch are fed by the same signal push
Warning (13012): Latch MovePopRegister:inst2|tempStore[84] has unsafe behavior
    Warning (13013): Ports D and ENA on the latch are fed by the same signal push
Warning (13012): Latch MovePopRegister:inst2|tempStore[86] has unsafe behavior
    Warning (13013): Ports D and ENA on the latch are fed by the same signal push
Warning (13012): Latch MovePopRegister:inst2|store[88] has unsafe behavior
    Warning (13013): Ports D and ENA on the latch are fed by the same signal push
Warning (13012): Latch MovePopRegister:inst2|store[87] has unsafe behavior
    Warning (13013): Ports D and ENA on the latch are fed by the same signal push
Warning (13012): Latch MovePopRegister:inst2|store[89] has unsafe behavior
    Warning (13013): Ports D and ENA on the latch are fed by the same signal push
Warning (13012): Latch MovePopRegister:inst2|tempStore[88] has unsafe behavior
    Warning (13013): Ports D and ENA on the latch are fed by the same signal push
Warning (13012): Latch MovePopRegister:inst2|tempStore[87] has unsafe behavior
    Warning (13013): Ports D and ENA on the latch are fed by the same signal push
Warning (13012): Latch MovePopRegister:inst2|tempStore[89] has unsafe behavior
    Warning (13013): Ports D and ENA on the latch are fed by the same signal push
Warning (13012): Latch MovePopRegister:inst2|store[91] has unsafe behavior
    Warning (13013): Ports D and ENA on the latch are fed by the same signal push
Warning (13012): Latch MovePopRegister:inst2|store[90] has unsafe behavior
    Warning (13013): Ports D and ENA on the latch are fed by the same signal push
Warning (13012): Latch MovePopRegister:inst2|store[92] has unsafe behavior
    Warning (13013): Ports D and ENA on the latch are fed by the same signal push
Warning (13012): Latch MovePopRegister:inst2|tempStore[91] has unsafe behavior
    Warning (13013): Ports D and ENA on the latch are fed by the same signal push
Warning (13012): Latch MovePopRegister:inst2|tempStore[90] has unsafe behavior
    Warning (13013): Ports D and ENA on the latch are fed by the same signal push
Warning (13012): Latch MovePopRegister:inst2|tempStore[92] has unsafe behavior
    Warning (13013): Ports D and ENA on the latch are fed by the same signal push
Warning (13012): Latch MovePopRegister:inst2|store[94] has unsafe behavior
    Warning (13013): Ports D and ENA on the latch are fed by the same signal push
Warning (13012): Latch MovePopRegister:inst2|store[93] has unsafe behavior
    Warning (13013): Ports D and ENA on the latch are fed by the same signal push
Warning (13012): Latch MovePopRegister:inst2|store[95] has unsafe behavior
    Warning (13013): Ports D and ENA on the latch are fed by the same signal push
Info (144001): Generated suppressed messages file C:/altera/13.0sp1/quartus/projects/antfarm/output_files/antfarm.map.smsg
Info (16010): Generating hard_block partition "hard_block:auto_generated_inst"
    Info (16011): Adding 0 node(s), including 0 DDIO, 0 PLL, 0 transceiver and 0 LCELL
Info (21057): Implemented 414 device resources after synthesis - the final resource count might be different
    Info (21058): Implemented 7 input pins
    Info (21059): Implemented 7 output pins
    Info (21061): Implemented 400 logic cells
Info: Quartus II 64-Bit Analysis & Synthesis was successful. 0 errors, 403 warnings
    Info: Peak virtual memory: 4603 megabytes
    Info: Processing ended: Wed Oct 30 13:56:11 2019
    Info: Elapsed time: 00:00:04
    Info: Total CPU time (on all processors): 00:00:02


+------------------------------------------+
; Analysis & Synthesis Suppressed Messages ;
+------------------------------------------+
The suppressed messages can be found in C:/altera/13.0sp1/quartus/projects/antfarm/output_files/antfarm.map.smsg.


