------------------------------------------------------------
TimeQuest Timing Analyzer Summary
------------------------------------------------------------

Type  : Slow Model Setup 'clk'
Slack : -221.524
TNS   : -492.958

Type  : Slow Model Setup 'VGA_CLK'
Slack : -23.517
TNS   : -235.152

Type  : Slow Model Setup 'clkdiv:inst2|out'
Slack : -6.424
TNS   : -2216.465

Type  : Slow Model Setup 'clk_div_by_four:inst7|out'
Slack : -0.454
TNS   : -0.454

Type  : Slow Model Hold 'VGA_CLK'
Slack : 0.445
TNS   : 0.000

Type  : Slow Model Hold 'clk'
Slack : 0.445
TNS   : 0.000

Type  : Slow Model Hold 'clk_div_by_four:inst7|out'
Slack : 0.445
TNS   : 0.000

Type  : Slow Model Hold 'clkdiv:inst2|out'
Slack : 0.445
TNS   : 0.000

Type  : Slow Model Minimum Pulse Width 'clk'
Slack : -1.631
TNS   : -82.283

Type  : Slow Model Minimum Pulse Width 'VGA_CLK'
Slack : -1.631
TNS   : -48.067

Type  : Slow Model Minimum Pulse Width 'clkdiv:inst2|out'
Slack : -0.611
TNS   : -971.490

Type  : Slow Model Minimum Pulse Width 'clk_div_by_four:inst7|out'
Slack : -0.611
TNS   : -2.444

Type  : Fast Model Setup 'clk'
Slack : -85.383
TNS   : -163.501

Type  : Fast Model Setup 'VGA_CLK'
Slack : -7.762
TNS   : -70.810

Type  : Fast Model Setup 'clkdiv:inst2|out'
Slack : -1.981
TNS   : -461.666

Type  : Fast Model Setup 'clk_div_by_four:inst7|out'
Slack : 0.426
TNS   : 0.000

Type  : Fast Model Hold 'VGA_CLK'
Slack : 0.215
TNS   : 0.000

Type  : Fast Model Hold 'clk'
Slack : 0.215
TNS   : 0.000

Type  : Fast Model Hold 'clk_div_by_four:inst7|out'
Slack : 0.215
TNS   : 0.000

Type  : Fast Model Hold 'clkdiv:inst2|out'
Slack : 0.215
TNS   : 0.000

Type  : Fast Model Minimum Pulse Width 'clk'
Slack : -1.380
TNS   : -67.380

Type  : Fast Model Minimum Pulse Width 'VGA_CLK'
Slack : -1.380
TNS   : -39.380

Type  : Fast Model Minimum Pulse Width 'clkdiv:inst2|out'
Slack : -0.500
TNS   : -795.000

Type  : Fast Model Minimum Pulse Width 'clk_div_by_four:inst7|out'
Slack : -0.500
TNS   : -2.000

------------------------------------------------------------
